FAIL	testdata/nocompile [build failed]
?   	testdata/nofiles	[no test files]
ok  	testdata/notests	0.643s
--- FAIL: TestTheGood_Divide (0.00s)
--- FAIL: TestTheBad_Divide (0.00s)
panic: division by zero [recovered]
	panic: division by zero

1: running [Created by testing.(*T).Run @ $go/libexec/src/testing/testing.go:1168]
    testing  $go/libexec/src/testing/testing.go:1072                tRunner.func1.1(#1, #2)
    testing  $go/libexec/src/testing/testing.go:1075                tRunner.func1(#3)
             $go/libexec/src/runtime/panic.go:969                   panic(#1, #2)
    panicked $testit/internal/testdata/panicked/panicked.go:19      TheBad.Divide(...)
    panicked $testit/internal/testdata/panicked/panicked_test.go:13 TestTheBad_Divide(#3)
    testing  $go/libexec/src/testing/testing.go:1123                tRunner(#3, 0x114df50)
FAIL	testdata/panicked	0.443s
FAIL
