FAIL	testdata/nocompile [build failed]
?   	testdata/nofiles	[no test files]
ok  	testdata/notests	0.643s
--- FAIL: TestTheGood_Divide (0.00s)
--- FAIL: TestTheBad_Divide (0.00s)
panic: division by zero [recovered]
	panic: division by zero

1: running[0;90m [Created by testing.(*T).Run @ /usr/local/Cellar/go/1.15.6/libexec/src/testing/testing.go:1168][39m[m
    [0;1;39mtesting  [39m[m/usr/local/Cellar/go/1.15.6/libexec/src/testing/testing.go:1072                             [0;1;32mtRunner.func1.1[39m[m(*T(#1), func(#2))[39m[m
    [0;1;39mtesting  [39m[m/usr/local/Cellar/go/1.15.6/libexec/src/testing/testing.go:1075                             [0;32mtRunner.func1[39m[m(*T(#3))[39m[m
    [0;1;39m         [39m[m/usr/local/Cellar/go/1.15.6/libexec/src/runtime/panic.go:969                                [0;32mpanic[39m[m(interface{}(#1))[39m[m
    [0;1;39mpanicked [39m[m/Users/ksamigullin/Development/public/testit/internal/testdata/panicked/panicked.go:19      [0;1;31mTheBad.Divide[39m[m(...)[39m[m
    [0;1;39mpanicked [39m[m/Users/ksamigullin/Development/public/testit/internal/testdata/panicked/panicked_test.go:13 [0;1;31mTestTheBad_Divide[39m[m(*T(#3))[39m[m
    [0;1;39mtesting  [39m[m/usr/local/Cellar/go/1.15.6/libexec/src/testing/testing.go:1123                             [0;32mtRunner[39m[m(*T(#3), func(0x114df50))[39m[m
FAIL	testdata/panicked	0.443s
FAIL
